["KIRO_FEATURE_TOOL_LOAD_ENABLED=false"]
["KIRO_FEATURE_TOOL_LOAD_ENABLED=false"]
["KIRO_FEATURE_TOOL_LOAD_ENABLED=false"]
["KIRO_FEATURE_TOOL_LOAD_ENABLED=false"]
["KIRO_FEATURE_TOOL_LOAD_ENABLED=false"]
["KIRO_FEATURE_TOOL_LOAD_ENABLED=false"]
["KIRO_FEATURE_TOOL_LOAD_ENABLED=false"]
["KIRO_FEATURE_TOOL_LOAD_ENABLED=false"]
["KIRO_FEATURE_TOOL_LOAD_ENABLED=false"]
["KIRO_FEATURE_TOOL_LOAD_ENABLED=false"]
["KIRO_FEATURE_TOOL_LOAD_ENABLED=false"]
["KIRO_FEATURE_TOOL_LOAD_ENABLED=true"]
["KIRO_DISABLE_SESSION_TITLE_LLM=true","KIRO_FEATURE_TOOL_LOAD_ENABLED=false"]
["KIRO_FEATURE_TOOL_LOAD_ENABLED=false"]
["KIRO_FEATURE_TOOL_LOAD_ENABLED=false"]
["KIRO_FEATURE_TOOL_LOAD_ENABLED=false"]
["KIRO_FEATURE_TOOL_LOAD_ENABLED=false"]
["KIRO_FEATURE_TOOL_LOAD_ENABLED=false"]
["KIRO_FEATURE_TOOL_LOAD_ENABLED=false"]
["KIRO_FEATURE_CASCADE_CONFIG={\"cascadeClientNotificationEnabled\":true,\"cascadeEnabled\":true}","KIRO_FEATURE_DYNAMIC_DELEGATION_CONFIG={\"delegationEnabled\":true}","KIRO_FEATURE_TOOL_LOAD_ENABLED=false"]
["KIRO_FEATURE_CASCADE_CONFIG={\"cascadeEnabled\":false}","KIRO_FEATURE_DYNAMIC_DELEGATION_CONFIG={\"delegationEnabled\":false}","KIRO_FEATURE_TOOL_LOAD_ENABLED=false"]
["KIRO_FEATURE_TOOL_LOAD_ENABLED=false"]
["KIRO_FEATURE_TOOL_LOAD_ENABLED=false"]
["KIRO_FEATURE_TOOL_LOAD_ENABLED=false"]
["KIRO_FEATURE_TOOL_LOAD_ENABLED=false"]
["KIRO_DISABLE_SESSION_TITLE_LLM=true","KIRO_FEATURE_CASCADE_CONFIG={\"cascadeClientNotificationEnabled\":true,\"cascadeEnabled\":true}","KIRO_FEATURE_DYNAMIC_DELEGATION_CONFIG={\"delegationEnabled\":true}","KIRO_FEATURE_TOOL_LOAD_ENABLED=true"]
