["KIRO_FEATURE_TOOL_LOAD_ENABLED=false"]
["KIRO_FEATURE_TOOL_LOAD_ENABLED=false"]
["KIRO_FEATURE_TOOL_LOAD_ENABLED=false"]
["KIRO_FEATURE_TOOL_LOAD_ENABLED=false"]
["KIRO_FEATURE_TOOL_LOAD_ENABLED=false"]
["KIRO_FEATURE_TOOL_LOAD_ENABLED=false"]
["KIRO_FEATURE_TOOL_LOAD_ENABLED=false"]
["KIRO_FEATURE_TOOL_LOAD_ENABLED=false"]
["KIRO_FEATURE_TOOL_LOAD_ENABLED=false"]
["KIRO_FEATURE_TOOL_LOAD_ENABLED=false"]
["KIRO_FEATURE_TOOL_LOAD_ENABLED=false"]
["KIRO_FEATURE_TOOL_LOAD_ENABLED=true"]
["KIRO_DISABLE_SESSION_TITLE_LLM=true","KIRO_FEATURE_TOOL_LOAD_ENABLED=false"]
["KIRO_FEATURE_TOOL_LOAD_ENABLED=false"]
["KIRO_FEATURE_TOOL_LOAD_ENABLED=false"]
["KIRO_FEATURE_TOOL_LOAD_ENABLED=false"]
["KIRO_FEATURE_TOOL_LOAD_ENABLED=false"]
["KIRO_FEATURE_TOOL_LOAD_ENABLED=false"]
["KIRO_FEATURE_TOOL_LOAD_ENABLED=false"]
["KIRO_FEATURE_TOOL_LOAD_ENABLED=false"]
["KIRO_FEATURE_TOOL_LOAD_ENABLED=false"]
["KIRO_DISABLE_SESSION_TITLE_LLM=true","KIRO_FEATURE_TOOL_LOAD_ENABLED=true"]
