{"backgroundProcesses":true,"infrastructureSafety":true,"knowledge":false,"openExternalUrl":true,"requirementsAnalysis":true,"secretStorage":false,"settings":{"codeIntelligence":{"enabled":true},"goal":{"enabled":true},"inlineAgents":{"enabled":false},"knowledge":{"enabled":false},"steeringReminders":{"enabled":false},"subagentOrchestration":{"enabled":true}},"specPhaseCheckpoints":true,"telemetryEnabled":true,"userInput":true,"workspaceTrusted":true}
{"backgroundProcesses":true,"infrastructureSafety":true,"knowledge":false,"openExternalUrl":true,"requirementsAnalysis":true,"secretStorage":true,"settings":{"codeIntelligence":{"enabled":true},"goal":{"enabled":true},"inlineAgents":{"enabled":false},"knowledge":{"enabled":false},"steeringReminders":{"enabled":false},"subagentOrchestration":{"enabled":true}},"specPhaseCheckpoints":true,"telemetryEnabled":true,"userInput":true,"workspaceTrusted":true}
{"backgroundProcesses":true,"hooks":{"enabled":true,"v2":true},"infrastructureSafety":true,"knowledge":false,"openExternalUrl":true,"requirementsAnalysis":true,"secretStorage":false,"settings":{"codeIntelligence":{"enabled":true},"goal":{"enabled":true},"inlineAgents":{"enabled":false},"knowledge":{"enabled":false},"steeringReminders":{"enabled":false},"subagentOrchestration":{"enabled":true}},"specPhaseCheckpoints":true,"telemetryEnabled":true,"userInput":true,"workspaceTrusted":true}
{"backgroundProcesses":true,"hooks":{"enabled":true,"v2":true},"infrastructureSafety":true,"knowledge":false,"openExternalUrl":true,"requirementsAnalysis":true,"secretStorage":true,"settings":{"codeIntelligence":{"enabled":true},"goal":{"enabled":true},"inlineAgents":{"enabled":false},"knowledge":{"enabled":false},"steeringReminders":{"enabled":false},"subagentOrchestration":{"enabled":true}},"specPhaseCheckpoints":true,"telemetryEnabled":true,"userInput":true,"workspaceTrusted":true}
{"backgroundProcesses":true,"infrastructureSafety":true,"knowledge":false,"openExternalUrl":true,"requirementsAnalysis":true,"secretStorage":false,"settings":{"codeIntelligence":{"enabled":true},"goal":{"enabled":true},"inlineAgents":{"enabled":false},"knowledge":{"enabled":false},"steeringReminders":{"enabled":false},"subagentOrchestration":{"enabled":true}},"specPhaseCheckpoints":true,"telemetryEnabled":true,"userInput":true,"workspaceTrusted":true}
{"backgroundProcesses":true,"infrastructureSafety":true,"knowledge":false,"openExternalUrl":true,"requirementsAnalysis":true,"secretStorage":false,"settings":{"codeIntelligence":{"enabled":true},"goal":{"enabled":true},"inlineAgents":{"enabled":false},"knowledge":{"enabled":false},"steeringReminders":{"enabled":false},"subagentOrchestration":{"enabled":true}},"specPhaseCheckpoints":true,"telemetryEnabled":true,"userInput":true,"workspaceTrusted":true}
{"backgroundProcesses":true,"hooks":{"enabled":true,"v2":true},"infrastructureSafety":true,"knowledge":false,"openExternalUrl":true,"requirementsAnalysis":true,"secretStorage":true,"settings":{"codeIntelligence":{"enabled":true},"goal":{"enabled":true},"inlineAgents":{"enabled":false},"knowledge":{"enabled":false},"steeringReminders":{"enabled":false},"subagentOrchestration":{"enabled":true}},"specPhaseCheckpoints":true,"telemetryEnabled":true,"userInput":true,"workspaceTrusted":true}
{"backgroundProcesses":true,"infrastructureSafety":true,"knowledge":true,"openExternalUrl":true,"requirementsAnalysis":true,"secretStorage":false,"settings":{"codeIntelligence":{"enabled":true},"goal":{"enabled":true},"inlineAgents":{"enabled":false},"knowledge":{"enabled":true},"steeringReminders":{"enabled":false},"subagentOrchestration":{"enabled":true}},"specPhaseCheckpoints":true,"telemetryEnabled":true,"userInput":true,"workspaceTrusted":true}
{"backgroundProcesses":true,"infrastructureSafety":true,"knowledge":false,"openExternalUrl":true,"requirementsAnalysis":true,"secretStorage":false,"settings":{"codeIntelligence":{"enabled":true},"goal":{"enabled":true},"inlineAgents":{"enabled":false},"knowledge":{"enabled":false},"steeringReminders":{"enabled":false},"subagentOrchestration":{"enabled":true}},"specPhaseCheckpoints":true,"telemetryEnabled":true,"userInput":true,"workspaceTrusted":true}
{"backgroundProcesses":true,"infrastructureSafety":true,"knowledge":false,"openExternalUrl":true,"requirementsAnalysis":true,"secretStorage":false,"settings":{"codeIntelligence":{"enabled":true},"goal":{"enabled":true},"inlineAgents":{"enabled":false},"knowledge":{"enabled":false},"steeringReminders":{"enabled":false},"subagentOrchestration":{"enabled":true}},"specPhaseCheckpoints":true,"telemetryEnabled":true,"userInput":true,"workspaceTrusted":true}
{"backgroundProcesses":true,"infrastructureSafety":true,"knowledge":false,"openExternalUrl":true,"requirementsAnalysis":true,"secretStorage":false,"settings":{"codeIntelligence":{"enabled":true},"goal":{"enabled":true},"inlineAgents":{"enabled":false},"knowledge":{"enabled":false},"steeringReminders":{"enabled":false},"subagentOrchestration":{"enabled":true}},"specPhaseCheckpoints":true,"telemetryEnabled":true,"userInput":true,"workspaceTrusted":true}
{"backgroundProcesses":true,"infrastructureSafety":true,"knowledge":false,"openExternalUrl":true,"requirementsAnalysis":true,"secretStorage":false,"settings":{"codeIntelligence":{"enabled":true},"goal":{"enabled":true},"inlineAgents":{"enabled":false},"knowledge":{"enabled":false},"steeringReminders":{"enabled":false},"subagentOrchestration":{"enabled":true}},"specPhaseCheckpoints":true,"telemetryEnabled":true,"userInput":true,"workspaceTrusted":true}
{"backgroundProcesses":true,"infrastructureSafety":true,"knowledge":false,"openExternalUrl":true,"requirementsAnalysis":true,"secretStorage":false,"settings":{"codeIntelligence":{"enabled":true},"goal":{"enabled":true},"inlineAgents":{"enabled":false},"knowledge":{"enabled":false},"steeringReminders":{"enabled":false},"subagentOrchestration":{"enabled":true}},"specPhaseCheckpoints":true,"telemetryEnabled":true,"userInput":true,"workspaceTrusted":true}
{"backgroundProcesses":true,"infrastructureSafety":true,"knowledge":false,"openExternalUrl":true,"requirementsAnalysis":true,"secretStorage":false,"settings":{"codeIntelligence":{"enabled":true},"goal":{"enabled":true},"inlineAgents":{"enabled":false},"knowledge":{"enabled":false},"steeringReminders":{"enabled":false},"subagentOrchestration":{"enabled":true}},"specPhaseCheckpoints":true,"telemetryEnabled":true,"userInput":true,"workspaceTrusted":true}
{"backgroundProcesses":true,"infrastructureSafety":true,"knowledge":false,"openExternalUrl":true,"requirementsAnalysis":true,"secretStorage":false,"settings":{"codeIntelligence":{"enabled":true},"goal":{"enabled":true},"inlineAgents":{"enabled":false},"knowledge":{"enabled":false},"steeringReminders":{"enabled":false},"subagentOrchestration":{"enabled":true}},"specPhaseCheckpoints":true,"telemetryEnabled":true,"userInput":true,"workspaceTrusted":true}
{"backgroundProcesses":true,"infrastructureSafety":true,"knowledge":false,"openExternalUrl":true,"requirementsAnalysis":true,"secretStorage":false,"settings":{"codeIntelligence":{"enabled":true},"goal":{"enabled":true},"inlineAgents":{"enabled":false},"knowledge":{"enabled":false},"steeringReminders":{"enabled":false},"subagentOrchestration":{"enabled":true}},"specPhaseCheckpoints":true,"telemetryEnabled":true,"userInput":true,"workspaceTrusted":true}
{"backgroundProcesses":true,"infrastructureSafety":true,"knowledge":false,"openExternalUrl":true,"requirementsAnalysis":true,"secretStorage":false,"settings":{"codeIntelligence":{"enabled":true},"goal":{"enabled":true},"inlineAgents":{"enabled":true},"knowledge":{"enabled":false},"steeringReminders":{"enabled":true},"subagentOrchestration":{"enabled":true}},"specPhaseCheckpoints":true,"telemetryEnabled":true,"userInput":true,"workspaceTrusted":true}
{"backgroundProcesses":true,"infrastructureSafety":true,"knowledge":false,"openExternalUrl":true,"requirementsAnalysis":true,"secretStorage":false,"settings":{"codeIntelligence":{"enabled":true},"goal":{"enabled":true},"infraSafetyMonitor":{"enabled":true},"inlineAgents":{"enabled":false},"knowledge":{"enabled":false},"steeringReminders":{"enabled":false},"subagentOrchestration":{"enabled":true}},"specPhaseCheckpoints":true,"telemetryEnabled":true,"userInput":true,"workspaceTrusted":true}
{"backgroundProcesses":true,"infrastructureSafety":true,"knowledge":false,"openExternalUrl":true,"requirementsAnalysis":true,"secretStorage":false,"settings":{"codeIntelligence":{"enabled":true},"goal":{"enabled":true},"infraSafetyMonitor":{"enabled":false},"inlineAgents":{"enabled":false},"knowledge":{"enabled":false},"steeringReminders":{"enabled":false},"subagentOrchestration":{"enabled":true}},"specPhaseCheckpoints":true,"telemetryEnabled":true,"userInput":true,"workspaceTrusted":true}
{"backgroundProcesses":true,"infrastructureSafety":true,"knowledge":false,"openExternalUrl":true,"requirementsAnalysis":true,"secretStorage":false,"settings":{"codeIntelligence":{"enabled":true},"goal":{"enabled":true},"inlineAgents":{"enabled":false},"knowledge":{"enabled":false},"steeringReminders":{"enabled":false},"subagentOrchestration":{"enabled":true},"terminal":{"commandTimeoutMs":300000,"enabled":true}},"specPhaseCheckpoints":true,"telemetryEnabled":true,"userInput":true,"workspaceTrusted":true}
{"backgroundProcesses":true,"infrastructureSafety":true,"knowledge":false,"openExternalUrl":true,"requirementsAnalysis":true,"secretStorage":false,"settings":{"codeIntelligence":{"enabled":true},"goal":{"enabled":true},"inlineAgents":{"enabled":false},"knowledge":{"enabled":false},"steeringReminders":{"enabled":false},"subagentOrchestration":{"enabled":true}},"specPhaseCheckpoints":true,"telemetryEnabled":true,"userInput":true,"workspaceTrusted":true}
{"backgroundProcesses":true,"infrastructureSafety":true,"knowledge":false,"openExternalUrl":true,"requirementsAnalysis":true,"secretStorage":false,"settings":{"codeIntelligence":{"enabled":true},"goal":{"enabled":true},"inlineAgents":{"enabled":false},"knowledge":{"enabled":false},"steeringReminders":{"enabled":false},"subagentOrchestration":{"enabled":true}},"specPhaseCheckpoints":true,"telemetryEnabled":false,"userInput":true,"workspaceTrusted":true}
{"backgroundProcesses":true,"hooks":{"enabled":true,"v2":true},"infrastructureSafety":true,"knowledge":true,"openExternalUrl":true,"requirementsAnalysis":true,"secretStorage":true,"settings":{"codeIntelligence":{"enabled":true},"goal":{"enabled":true},"infraSafetyMonitor":{"enabled":true},"inlineAgents":{"enabled":true},"knowledge":{"enabled":true},"steeringReminders":{"enabled":true},"subagentOrchestration":{"enabled":true},"terminal":{"commandTimeoutMs":300000,"enabled":true}},"specPhaseCheckpoints":true,"telemetryEnabled":false,"userInput":true,"workspaceTrusted":true}
