{"backgroundProcesses":true,"infrastructureSafety":true,"knowledge":false,"openExternalUrl":true,"requirementsAnalysis":true,"secretStorage":false,"settings":{"codeIntelligence":{"enabled":true},"goal":{"enabled":true},"knowledge":{"enabled":false},"subagentOrchestration":{"enabled":true},"userMemoryOptIn":{"enabled":false}},"specPhaseCheckpoints":true,"userInput":true,"workspaceTrusted":true}
{"backgroundProcesses":true,"infrastructureSafety":true,"knowledge":false,"openExternalUrl":true,"requirementsAnalysis":true,"secretStorage":true,"settings":{"codeIntelligence":{"enabled":true},"goal":{"enabled":true},"knowledge":{"enabled":false},"subagentOrchestration":{"enabled":true},"userMemoryOptIn":{"enabled":false}},"specPhaseCheckpoints":true,"userInput":true,"workspaceTrusted":true}
{"backgroundProcesses":true,"hooks":{"enabled":true,"v2":true},"infrastructureSafety":true,"knowledge":false,"openExternalUrl":true,"requirementsAnalysis":true,"secretStorage":false,"settings":{"codeIntelligence":{"enabled":true},"goal":{"enabled":true},"knowledge":{"enabled":false},"subagentOrchestration":{"enabled":true},"userMemoryOptIn":{"enabled":false}},"specPhaseCheckpoints":true,"userInput":true,"workspaceTrusted":true}
{"backgroundProcesses":true,"hooks":{"enabled":true,"v2":true},"infrastructureSafety":true,"knowledge":false,"openExternalUrl":true,"requirementsAnalysis":true,"secretStorage":true,"settings":{"codeIntelligence":{"enabled":true},"goal":{"enabled":true},"knowledge":{"enabled":false},"subagentOrchestration":{"enabled":true},"userMemoryOptIn":{"enabled":false}},"specPhaseCheckpoints":true,"userInput":true,"workspaceTrusted":true}
{"backgroundProcesses":true,"infrastructureSafety":true,"knowledge":false,"openExternalUrl":true,"requirementsAnalysis":true,"secretStorage":false,"settings":{"codeIntelligence":{"enabled":true},"goal":{"enabled":true},"knowledge":{"enabled":false},"subagentOrchestration":{"enabled":true},"userMemoryOptIn":{"enabled":false}},"specPhaseCheckpoints":true,"userInput":true,"workspaceTrusted":true}
{"backgroundProcesses":true,"infrastructureSafety":true,"knowledge":false,"openExternalUrl":true,"requirementsAnalysis":true,"secretStorage":false,"settings":{"codeIntelligence":{"enabled":true},"goal":{"enabled":true},"knowledge":{"enabled":false},"subagentOrchestration":{"enabled":true},"userMemoryOptIn":{"enabled":false}},"specPhaseCheckpoints":true,"userInput":true,"workspaceTrusted":true}
{"backgroundProcesses":true,"hooks":{"enabled":true,"v2":true},"infrastructureSafety":true,"knowledge":false,"openExternalUrl":true,"requirementsAnalysis":true,"secretStorage":true,"settings":{"codeIntelligence":{"enabled":true},"goal":{"enabled":true},"knowledge":{"enabled":false},"subagentOrchestration":{"enabled":true},"userMemoryOptIn":{"enabled":false}},"specPhaseCheckpoints":true,"userInput":true,"workspaceTrusted":true}
{"backgroundProcesses":true,"infrastructureSafety":true,"knowledge":false,"openExternalUrl":true,"requirementsAnalysis":true,"secretStorage":false,"settings":{"codeIntelligence":{"enabled":true},"goal":{"enabled":true},"knowledge":{"enabled":false},"subagentOrchestration":{"enabled":true},"toolSearch":{"enabled":true},"userMemoryOptIn":{"enabled":false}},"specPhaseCheckpoints":true,"userInput":true,"workspaceTrusted":true}
{"backgroundProcesses":true,"infrastructureSafety":true,"knowledge":true,"openExternalUrl":true,"requirementsAnalysis":true,"secretStorage":false,"settings":{"codeIntelligence":{"enabled":true},"goal":{"enabled":true},"knowledge":{"enabled":true},"subagentOrchestration":{"enabled":true},"userMemoryOptIn":{"enabled":false}},"specPhaseCheckpoints":true,"userInput":true,"workspaceTrusted":true}
{"backgroundProcesses":true,"infrastructureSafety":true,"knowledge":false,"openExternalUrl":true,"requirementsAnalysis":true,"secretStorage":false,"settings":{"codeIntelligence":{"enabled":true},"goal":{"enabled":true},"knowledge":{"enabled":false},"subagentOrchestration":{"enabled":true},"userMemoryOptIn":{"enabled":true}},"specPhaseCheckpoints":true,"userInput":true,"workspaceTrusted":true}
{"backgroundProcesses":true,"hooks":{"enabled":true,"v2":true},"infrastructureSafety":true,"knowledge":true,"openExternalUrl":true,"requirementsAnalysis":true,"secretStorage":true,"settings":{"codeIntelligence":{"enabled":true},"goal":{"enabled":true},"knowledge":{"enabled":true},"subagentOrchestration":{"enabled":true},"toolSearch":{"enabled":true},"userMemoryOptIn":{"enabled":true}},"specPhaseCheckpoints":true,"userInput":true,"workspaceTrusted":true}
