{"settings":{"_providerPowers":{"enabled":false},"backgroundExecution":{"enabled":true},"disableAutoCompaction":{"enabled":false},"memory":{"mode":"disabled","reflection":false},"specPlan":{"enabled":false},"steeringSupervisor":{"enabled":false},"workflows":{"enabled":false}},"shellType":"bash"}
{"settings":{"_providerPowers":{"enabled":false},"backgroundExecution":{"enabled":true},"disableAutoCompaction":{"enabled":false},"memory":{"mode":"disabled","reflection":false},"specPlan":{"enabled":false},"steeringSupervisor":{"enabled":false},"workflows":{"enabled":false}},"shellType":"bash"}
{"settings":{"_providerPowers":{"enabled":false},"backgroundExecution":{"enabled":true},"disableAutoCompaction":{"enabled":false},"memory":{"mode":"disabled","reflection":false},"specPlan":{"enabled":false},"steeringSupervisor":{"enabled":false},"workflows":{"enabled":false}},"shellType":"bash"}
{"settings":{"_providerPowers":{"enabled":false},"backgroundExecution":{"enabled":true},"disableAutoCompaction":{"enabled":false},"memory":{"mode":"disabled","reflection":false},"specPlan":{"enabled":false},"steeringSupervisor":{"enabled":false},"workflows":{"enabled":false}},"shellType":"bash"}
{"policyPreset":["read-workspace"],"settings":{"_providerPowers":{"enabled":false},"backgroundExecution":{"enabled":true},"disableAutoCompaction":{"enabled":false},"memory":{"mode":"disabled","reflection":false},"specPlan":{"enabled":false},"steeringSupervisor":{"enabled":false},"workflows":{"enabled":false}},"shellType":"bash"}
{"policyPreset":["read-workspace","read-only-shell","read-all"],"settings":{"_providerPowers":{"enabled":false},"backgroundExecution":{"enabled":true},"disableAutoCompaction":{"enabled":false},"memory":{"mode":"disabled","reflection":false},"specPlan":{"enabled":false},"steeringSupervisor":{"enabled":false},"workflows":{"enabled":false}},"shellType":"bash"}
{"policyPreset":["allow-all"],"settings":{"_providerPowers":{"enabled":false},"backgroundExecution":{"enabled":true},"disableAutoCompaction":{"enabled":false},"memory":{"mode":"disabled","reflection":false},"specPlan":{"enabled":false},"steeringSupervisor":{"enabled":false},"workflows":{"enabled":false}},"shellType":"bash"}
{"settings":{"_providerPowers":{"enabled":false},"backgroundExecution":{"enabled":true},"disableAutoCompaction":{"enabled":false},"memory":{"mode":"disabled","reflection":false},"specPlan":{"enabled":false},"steeringSupervisor":{"enabled":false},"workflows":{"enabled":false}},"shellType":"bash"}
{"settings":{"_providerPowers":{"enabled":false},"backgroundExecution":{"enabled":true},"disableAutoCompaction":{"enabled":false},"memory":{"mode":"read_only","reflection":false},"specPlan":{"enabled":false},"steeringSupervisor":{"enabled":false},"workflows":{"enabled":false}},"shellType":"bash"}
{"settings":{"_providerPowers":{"enabled":false},"backgroundExecution":{"enabled":true},"disableAutoCompaction":{"enabled":false},"memory":{"mode":"read_write","reflection":false},"specPlan":{"enabled":false},"steeringSupervisor":{"enabled":false},"workflows":{"enabled":false}},"shellType":"bash"}
{"settings":{"_providerPowers":{"enabled":false},"backgroundExecution":{"enabled":true},"disableAutoCompaction":{"enabled":false},"memory":{"mode":"read_write","reflection":true},"specPlan":{"enabled":false},"steeringSupervisor":{"enabled":false},"workflows":{"enabled":false}},"shellType":"bash"}
{"settings":{"_providerPowers":{"enabled":true},"backgroundExecution":{"enabled":true},"disableAutoCompaction":{"enabled":false},"memory":{"mode":"disabled","reflection":false},"specPlan":{"enabled":false},"steeringSupervisor":{"enabled":false},"workflows":{"enabled":false}},"shellType":"bash"}
{"settings":{"_providerPowers":{"enabled":false},"backgroundExecution":{"enabled":true},"disableAutoCompaction":{"enabled":false},"memory":{"mode":"disabled","reflection":false},"specPlan":{"enabled":false},"steeringSupervisor":{"enabled":false},"workflows":{"enabled":false}},"shellType":"bash"}
{"settings":{"_providerPowers":{"enabled":false},"backgroundExecution":{"enabled":true},"disableAutoCompaction":{"enabled":true},"memory":{"mode":"disabled","reflection":false},"specPlan":{"enabled":false},"steeringSupervisor":{"enabled":false},"workflows":{"enabled":false}},"shellType":"bash"}
{"settings":{"_providerPowers":{"enabled":false},"backgroundExecution":{"enabled":true},"disableAutoCompaction":{"enabled":false},"memory":{"mode":"disabled","reflection":false},"specPlan":{"enabled":true,"skipClarification":true,"workflow":"quick"},"steeringSupervisor":{"enabled":false},"workflows":{"enabled":false}},"shellType":"bash"}
{"settings":{"_providerPowers":{"enabled":false},"backgroundExecution":{"enabled":true},"disableAutoCompaction":{"enabled":false},"memory":{"mode":"disabled","reflection":false},"specPlan":{"enabled":true,"skipClarification":false,"workflow":"full"},"steeringSupervisor":{"enabled":false},"workflows":{"enabled":false}},"shellType":"bash"}
{"settings":{"_providerPowers":{"enabled":false},"backgroundExecution":{"enabled":true},"disableAutoCompaction":{"enabled":false},"memory":{"mode":"disabled","reflection":false},"specPlan":{"enabled":false},"steeringSupervisor":{"enabled":false},"workflows":{"enabled":false}},"shellType":"bash"}
{"settings":{"_providerPowers":{"enabled":false},"backgroundExecution":{"enabled":true},"disableAutoCompaction":{"enabled":false},"memory":{"mode":"disabled","reflection":false},"specPlan":{"enabled":false},"steeringSupervisor":{"enabled":false},"validation":{"enabled":true},"workflows":{"enabled":false}},"shellType":"bash"}
{"settings":{"_providerPowers":{"enabled":false},"backgroundExecution":{"enabled":true},"disableAutoCompaction":{"enabled":false},"memory":{"mode":"disabled","reflection":false},"specPlan":{"enabled":false},"steeringSupervisor":{"enabled":false},"validation":{"enabled":false},"workflows":{"enabled":false}},"shellType":"bash"}
{"settings":{"_providerPowers":{"enabled":false},"backgroundExecution":{"enabled":true},"disableAutoCompaction":{"enabled":false},"memory":{"mode":"disabled","reflection":false},"specPlan":{"enabled":false},"steeringSupervisor":{"enabled":false},"workflows":{"enabled":false}},"shellType":"bash"}
{"settings":{"_providerPowers":{"enabled":false},"backgroundExecution":{"enabled":true},"disableAutoCompaction":{"enabled":false},"memory":{"mode":"disabled","reflection":false},"specPlan":{"enabled":false},"steeringSupervisor":{"enabled":false},"workflows":{"enabled":true}},"shellType":"bash"}
{"policyPreset":["read-workspace"],"settings":{"_providerPowers":{"enabled":true},"backgroundExecution":{"enabled":true},"disableAutoCompaction":{"enabled":true},"memory":{"mode":"read_write","reflection":true},"specPlan":{"enabled":true,"skipClarification":false,"workflow":"full"},"steeringSupervisor":{"enabled":false},"validation":{"enabled":true},"workflows":{"enabled":true}},"shellType":"bash"}
