{"jsonrpc":"2.0","params":{"clientCapabilities":{"_meta":{"kiro":{"backgroundProcesses":true,"infrastructureSafety":true,"knowledge":false,"openExternalUrl":true,"requirementsAnalysis":true,"secretStorage":false,"settings":{"codeIntelligence":{"enabled":true},"goal":{"enabled":true},"inlineAgents":{"enabled":false},"knowledge":{"enabled":false},"steeringReminders":{"enabled":false},"subagentOrchestration":{"enabled":true}},"specPhaseCheckpoints":true,"userInput":true,"workspaceTrusted":true}},"elicitation":{"form":{}},"fs":{"_meta":{"kiro":{"delete":true,"readDirectory":true,"stat":true}},"readTextFile":true,"writeTextFile":true},"terminal":true},"clientInfo":{"name":"marotte","title":"Marotte for Kiro","version":"dev"},"protocolVersion":1},"method":"initialize","id":1}
{"jsonrpc":"2.0","params":{"clientCapabilities":{"_meta":{"kiro":{"backgroundProcesses":true,"infrastructureSafety":true,"knowledge":false,"openExternalUrl":true,"requirementsAnalysis":true,"secretStorage":true,"settings":{"codeIntelligence":{"enabled":true},"goal":{"enabled":true},"inlineAgents":{"enabled":false},"knowledge":{"enabled":false},"steeringReminders":{"enabled":false},"subagentOrchestration":{"enabled":true}},"specPhaseCheckpoints":true,"userInput":true,"workspaceTrusted":true}},"elicitation":{"form":{}},"fs":{"_meta":{"kiro":{"delete":true,"readDirectory":true,"stat":true}},"readTextFile":true,"writeTextFile":true},"terminal":true},"clientInfo":{"name":"marotte","title":"Marotte for Kiro","version":"dev"},"protocolVersion":1},"method":"initialize","id":1}
{"jsonrpc":"2.0","params":{"clientCapabilities":{"_meta":{"kiro":{"backgroundProcesses":true,"hooks":{"enabled":true,"v2":true},"infrastructureSafety":true,"knowledge":false,"openExternalUrl":true,"requirementsAnalysis":true,"secretStorage":false,"settings":{"codeIntelligence":{"enabled":true},"goal":{"enabled":true},"inlineAgents":{"enabled":false},"knowledge":{"enabled":false},"steeringReminders":{"enabled":false},"subagentOrchestration":{"enabled":true}},"specPhaseCheckpoints":true,"userInput":true,"workspaceTrusted":true}},"elicitation":{"form":{}},"fs":{"_meta":{"kiro":{"delete":true,"readDirectory":true,"stat":true}},"readTextFile":true,"writeTextFile":true},"terminal":true},"clientInfo":{"name":"marotte","title":"Marotte for Kiro","version":"dev"},"protocolVersion":1},"method":"initialize","id":1}
{"jsonrpc":"2.0","params":{"clientCapabilities":{"_meta":{"kiro":{"backgroundProcesses":true,"hooks":{"enabled":true,"v2":true},"infrastructureSafety":true,"knowledge":false,"openExternalUrl":true,"requirementsAnalysis":true,"secretStorage":true,"settings":{"codeIntelligence":{"enabled":true},"goal":{"enabled":true},"inlineAgents":{"enabled":false},"knowledge":{"enabled":false},"steeringReminders":{"enabled":false},"subagentOrchestration":{"enabled":true}},"specPhaseCheckpoints":true,"userInput":true,"workspaceTrusted":true}},"elicitation":{"form":{}},"fs":{"_meta":{"kiro":{"delete":true,"readDirectory":true,"stat":true}},"readTextFile":true,"writeTextFile":true},"terminal":true},"clientInfo":{"name":"marotte","title":"Marotte for Kiro","version":"dev"},"protocolVersion":1},"method":"initialize","id":1}
{"jsonrpc":"2.0","params":{"clientCapabilities":{"_meta":{"kiro":{"backgroundProcesses":true,"infrastructureSafety":true,"knowledge":false,"openExternalUrl":true,"requirementsAnalysis":true,"secretStorage":false,"settings":{"codeIntelligence":{"enabled":true},"goal":{"enabled":true},"inlineAgents":{"enabled":false},"knowledge":{"enabled":false},"steeringReminders":{"enabled":false},"subagentOrchestration":{"enabled":true}},"specPhaseCheckpoints":true,"userInput":true,"workspaceTrusted":true}},"elicitation":{"form":{}},"fs":{"_meta":{"kiro":{"delete":true,"readDirectory":true,"stat":true}},"readTextFile":true,"writeTextFile":true},"terminal":true},"clientInfo":{"name":"marotte","title":"Marotte for Kiro","version":"dev"},"protocolVersion":1},"method":"initialize","id":1}
{"jsonrpc":"2.0","params":{"clientCapabilities":{"_meta":{"kiro":{"backgroundProcesses":true,"infrastructureSafety":true,"knowledge":true,"openExternalUrl":true,"requirementsAnalysis":true,"secretStorage":false,"settings":{"codeIntelligence":{"enabled":true},"goal":{"enabled":true},"inlineAgents":{"enabled":false},"knowledge":{"enabled":true},"steeringReminders":{"enabled":false},"subagentOrchestration":{"enabled":true}},"specPhaseCheckpoints":true,"userInput":true,"workspaceTrusted":true}},"elicitation":{"form":{}},"fs":{"_meta":{"kiro":{"delete":true,"readDirectory":true,"stat":true}},"readTextFile":true,"writeTextFile":true},"terminal":true},"clientInfo":{"name":"marotte","title":"Marotte for Kiro","version":"dev"},"protocolVersion":1},"method":"initialize","id":1}
{"jsonrpc":"2.0","params":{"clientCapabilities":{"_meta":{"kiro":{"backgroundProcesses":true,"hooks":{"enabled":true,"v2":true},"infrastructureSafety":true,"knowledge":false,"openExternalUrl":true,"requirementsAnalysis":true,"secretStorage":false,"settings":{"codeIntelligence":{"enabled":true},"goal":{"enabled":true},"infraSafetyMonitor":{"enabled":true},"inlineAgents":{"enabled":true},"knowledge":{"enabled":false},"steeringReminders":{"enabled":true},"subagentOrchestration":{"enabled":true},"terminal":{"commandTimeoutMs":300000,"enabled":true}},"specPhaseCheckpoints":true,"userInput":true,"workspaceTrusted":true}},"elicitation":{"form":{}},"fs":{"_meta":{"kiro":{"delete":true,"readDirectory":true,"stat":true}},"readTextFile":true,"writeTextFile":true},"terminal":true},"clientInfo":{"name":"marotte","title":"Marotte for Kiro","version":"dev"},"protocolVersion":1},"method":"initialize","id":1}
{"jsonrpc":"2.0","params":{"clientCapabilities":{"_meta":{"kiro":{"backgroundProcesses":true,"hooks":{"enabled":true,"v2":true},"infrastructureSafety":true,"knowledge":true,"openExternalUrl":true,"requirementsAnalysis":true,"secretStorage":true,"settings":{"codeIntelligence":{"enabled":true},"goal":{"enabled":true},"inlineAgents":{"enabled":false},"knowledge":{"enabled":true},"steeringReminders":{"enabled":false},"subagentOrchestration":{"enabled":true}},"specPhaseCheckpoints":true,"userInput":true,"workspaceTrusted":true}},"elicitation":{"form":{}},"fs":{"_meta":{"kiro":{"delete":true,"readDirectory":true,"stat":true}},"readTextFile":true,"writeTextFile":true},"terminal":true},"clientInfo":{"name":"marotte","title":"Marotte for Kiro","version":"dev"},"protocolVersion":1},"method":"initialize","id":1}
